V3 3
FL C:/Benko/FEI/SDIII/Proj2/Proj_processador_rtl/CPU_Xilinx_tstsw/prom.vhd 2011/09/22.15:19:55 J.40
EN isim_temp/prom 1316715606 \
      FL C:/Benko/FEI/SDIII/Proj2/Proj_processador_rtl/CPU_Xilinx_tstsw/prom.vhd \
      PB ieee/std_logic_1164 1194562354 PB ieee/std_logic_arith 1194562356 \
      PB ieee/STD_LOGIC_UNSIGNED 1194562362
AR isim_temp/prom/behv 1316715607 \
      FL C:/Benko/FEI/SDIII/Proj2/Proj_processador_rtl/CPU_Xilinx_tstsw/prom.vhd \
      EN isim_temp/prom 1316715606
