V3 110
FL //vboxsrv/documents/Benko/FEI/SDIII/Projeto1/CPU_Xilinx_tst_genesys/ALU_1.vhd 2016/12/14.10:38:08 J.36
FL //vboxsrv/documents/Benko/FEI/SDIII/Projeto1/CPU_Xilinx_tst_genesys/controle.vhd 2016/12/14.10:37:18 J.36
FL //vboxsrv/documents/Benko/FEI/SDIII/Projeto1/CPU_Xilinx_tst_genesys/cpu.vhd 2011/08/30.16:03:12 J.36
FL //vboxsrv/documents/Benko/FEI/SDIII/Projeto1/CPU_Xilinx_tst_genesys/debounce.vhd 2017/03/17.16:10:23 J.36
FL //vboxsrv/documents/Benko/FEI/SDIII/Projeto1/CPU_Xilinx_tst_genesys/ES.vhd 2016/12/14.12:18:06 J.36
FL //vboxsrv/documents/Benko/FEI/SDIII/Projeto1/CPU_Xilinx_tst_genesys/mux_cpu.vhd 2011/08/20.19:48:42 J.36
FL //vboxsrv/documents/Benko/FEI/SDIII/Projeto1/CPU_Xilinx_tst_genesys/Pcounter.vhd 2016/12/14.10:34:40 J.36
FL //vboxsrv/documents/Benko/FEI/SDIII/Projeto1/CPU_Xilinx_tst_genesys/prom.vhd 2017/03/14.10:40:44 J.36
FL //vboxsrv/documents/Benko/FEI/SDIII/Projeto1/CPU_Xilinx_tst_genesys/ram.vhd 2016/12/14.10:59:56 J.36
FL //vboxsrv/documents/Benko/FEI/SDIII/Projeto1/CPU_Xilinx_tst_genesys/regs.vhd 2016/12/14.10:22:44 J.36
FL C:/Benko/FEI/SDIII/Proj1/CPU_Xilinx_tst/ALU_1.vhd 2016/12/14.10:38:07 J.36
FL C:/Benko/FEI/SDIII/Proj1/CPU_Xilinx_tst/controle.vhd 2016/12/14.10:37:17 J.36
FL C:/Benko/FEI/SDIII/Proj1/CPU_Xilinx_tst/cpu.vhd 2011/08/30.16:03:10 J.36
FL C:/Benko/FEI/SDIII/Proj1/CPU_Xilinx_tst/debounce.vhd 2017/03/14.09:22:42 J.36
FL C:/Benko/FEI/SDIII/Proj1/CPU_Xilinx_tst/ES.vhd 2016/12/14.12:18:05 J.36
FL C:/Benko/FEI/SDIII/Proj1/CPU_Xilinx_tst/mux_cpu.vhd 2011/08/20.19:48:40 J.36
FL C:/Benko/FEI/SDIII/Proj1/CPU_Xilinx_tst/Pcounter.vhd 2016/12/14.10:34:39 J.36
FL C:/Benko/FEI/SDIII/Proj1/CPU_Xilinx_tst/prom.vhd 2017/03/14.10:40:43 J.36
FL C:/Benko/FEI/SDIII/Proj1/CPU_Xilinx_tst/ram.vhd 2016/12/14.10:59:54 J.36
FL C:/Benko/FEI/SDIII/Proj1/CPU_Xilinx_tst/regs.vhd 2016/12/14.10:22:43 J.36
FL C:/Benko/FEI/SDIII/Proj1/CPU_Xilinx_tstsw/ALU_1.vhd 2016/12/14.10:38:07 J.36
FL C:/Benko/FEI/SDIII/Proj1/CPU_Xilinx_tstsw/controle.vhd 2016/12/14.10:37:17 J.36
FL C:/Benko/FEI/SDIII/Proj1/CPU_Xilinx_tstsw/cpu.vhd 2011/08/30.16:03:10 J.36
FL C:/Benko/FEI/SDIII/Proj1/CPU_Xilinx_tstsw/debounce.vhd 2017/03/14.09:22:42 J.36
FL C:/Benko/FEI/SDIII/Proj1/CPU_Xilinx_tstsw/ES.vhd 2016/12/14.12:18:05 J.36
FL C:/Benko/FEI/SDIII/Proj1/CPU_Xilinx_tstsw/mux_cpu.vhd 2011/08/20.19:48:40 J.36
FL C:/Benko/FEI/SDIII/Proj1/CPU_Xilinx_tstsw/Pcounter.vhd 2016/12/14.10:34:39 J.36
FL C:/Benko/FEI/SDIII/Proj1/CPU_Xilinx_tstsw/prom.vhd 2017/03/14.09:23:48 J.36
FL C:/Benko/FEI/SDIII/Proj1/CPU_Xilinx_tstsw/ram.vhd 2016/12/14.10:59:54 J.36
FL C:/Benko/FEI/SDIII/Proj1/CPU_Xilinx_tstsw/regs.vhd 2016/12/14.10:22:43 J.36
FL C:/Benko/FEI/SDIII/Proj2/CPU_xilinx/cpu_1/ALU_1.vhd 2011/08/20.17:56:26 J.36
FL C:/Benko/FEI/SDIII/Proj2/CPU_xilinx/cpu_1/controle.vhd 2011/08/30.15:34:02 J.36
FL C:/Benko/FEI/SDIII/Proj2/CPU_xilinx/cpu_1/cpu.vhd 2011/08/30.16:03:10 J.36
FL C:/Benko/FEI/SDIII/Proj2/CPU_xilinx/cpu_1/debounce.vhd 2011/08/25.15:57:22 J.36
FL C:/Benko/FEI/SDIII/Proj2/CPU_xilinx/cpu_1/ES.vhd 2011/08/20.20:03:24 J.36
FL C:/Benko/FEI/SDIII/Proj2/CPU_xilinx/cpu_1/mux_cpu.vhd 2011/08/20.19:48:40 J.36
FL C:/Benko/FEI/SDIII/Proj2/CPU_xilinx/cpu_1/Pcounter.vhd 2011/08/19.17:03:51 J.36
FL C:/Benko/FEI/SDIII/Proj2/CPU_xilinx/cpu_1/prom.vhd 2011/08/30.16:07:48 J.36
FL C:/Benko/FEI/SDIII/Proj2/CPU_xilinx/cpu_1/ram.vhd 2011/08/02.16:44:06 J.36
FL C:/Benko/FEI/SDIII/Proj2/CPU_xilinx/cpu_1/regs.vhd 2011/07/22.16:55:35 J.36
FL C:/Benko/FEI/SDIII/Proj2/Proj_processador_rtl/CPU_Xilinx_tst/ALU_1.vhd 2011/08/20.17:56:26 J.36
FL C:/Benko/FEI/SDIII/Proj2/Proj_processador_rtl/CPU_Xilinx_tst/controle.vhd 2011/08/30.15:34:02 J.36
FL C:/Benko/FEI/SDIII/Proj2/Proj_processador_rtl/CPU_Xilinx_tst/cpu.vhd 2011/08/30.16:03:10 J.36
FL C:/Benko/FEI/SDIII/Proj2/Proj_processador_rtl/CPU_Xilinx_tst/debounce.vhd 2011/09/22.09:19:26 J.36
FL C:/Benko/FEI/SDIII/Proj2/Proj_processador_rtl/CPU_Xilinx_tst/ES.vhd 2011/08/20.20:03:24 J.36
FL C:/Benko/FEI/SDIII/Proj2/Proj_processador_rtl/CPU_Xilinx_tst/mux_cpu.vhd 2011/08/20.19:48:40 J.36
FL C:/Benko/FEI/SDIII/Proj2/Proj_processador_rtl/CPU_Xilinx_tst/Pcounter.vhd 2011/08/19.17:03:51 J.36
FL C:/Benko/FEI/SDIII/Proj2/Proj_processador_rtl/CPU_Xilinx_tst/prom.vhd 2011/09/22.09:47:26 J.36
FL C:/Benko/FEI/SDIII/Proj2/Proj_processador_rtl/CPU_Xilinx_tst/ram.vhd 2011/09/22.09:17:34 J.36
FL C:/Benko/FEI/SDIII/Proj2/Proj_processador_rtl/CPU_Xilinx_tst/regs.vhd 2011/07/22.16:55:35 J.36
FL C:/Benko/FEI/SDIII/Proj2/Proj_processador_rtl/CPU_Xilinx_tstsw/ALU_1.vhd 2011/10/04.16:51:30 J.36
FL C:/Benko/FEI/SDIII/Proj2/Proj_processador_rtl/CPU_Xilinx_tstsw/controle.vhd 2011/09/22.16:29:25 J.36
FL C:/Benko/FEI/SDIII/Proj2/Proj_processador_rtl/CPU_Xilinx_tstsw/cpu.vhd 2011/08/30.16:03:10 J.36
FL C:/Benko/FEI/SDIII/Proj2/Proj_processador_rtl/CPU_Xilinx_tstsw/debounce.vhd 2011/09/22.09:19:26 J.36
FL C:/Benko/FEI/SDIII/Proj2/Proj_processador_rtl/CPU_Xilinx_tstsw/ES.vhd 2011/08/20.20:03:24 J.36
FL C:/Benko/FEI/SDIII/Proj2/Proj_processador_rtl/CPU_Xilinx_tstsw/mux_cpu.vhd 2011/08/20.19:48:40 J.36
FL C:/Benko/FEI/SDIII/Proj2/Proj_processador_rtl/CPU_Xilinx_tstsw/Pcounter.vhd 2011/08/19.17:03:51 J.36
FL C:/Benko/FEI/SDIII/Proj2/Proj_processador_rtl/CPU_Xilinx_tstsw/prom.vhd 2011/09/23.14:04:58 J.36
FL C:/Benko/FEI/SDIII/Proj2/Proj_processador_rtl/CPU_Xilinx_tstsw/ram.vhd 2011/09/22.09:17:34 J.36
FL C:/Benko/FEI/SDIII/Proj2/Proj_processador_rtl/CPU_Xilinx_tstsw/regs.vhd 2011/07/22.16:55:35 J.36
FL C:/Professores/Benko/CPU_Xilinx_tst_genesys2/CPU_Xilinx_tst_genesys/ALU_1.vhd 2019/03/21.17:07:52 J.36
FL C:/Professores/Benko/CPU_Xilinx_tst_genesys2/CPU_Xilinx_tst_genesys/controle.vhd 2019/03/21.17:07:52 J.36
FL C:/Professores/Benko/CPU_Xilinx_tst_genesys2/CPU_Xilinx_tst_genesys/cpu.vhd 2019/03/21.17:07:52 J.36
FL C:/Professores/Benko/CPU_Xilinx_tst_genesys2/CPU_Xilinx_tst_genesys/debounce.vhd 2019/08/29.14:28:22 J.36
FL C:/Professores/Benko/CPU_Xilinx_tst_genesys2/CPU_Xilinx_tst_genesys/ES.vhd 2019/03/21.17:07:53 J.36
FL C:/Professores/Benko/CPU_Xilinx_tst_genesys2/CPU_Xilinx_tst_genesys/mux_cpu.vhd 2019/03/21.17:07:53 J.36
FL C:/Professores/Benko/CPU_Xilinx_tst_genesys2/CPU_Xilinx_tst_genesys/Pcounter.vhd 2019/03/21.17:07:53 J.36
FL C:/Professores/Benko/CPU_Xilinx_tst_genesys2/CPU_Xilinx_tst_genesys/prom.vhd 2019/08/29.14:50:34 J.36
FL C:/Professores/Benko/CPU_Xilinx_tst_genesys2/CPU_Xilinx_tst_genesys/ram.vhd 2019/03/21.17:07:53 J.36
FL C:/Professores/Benko/CPU_Xilinx_tst_genesys2/CPU_Xilinx_tst_genesys/regs.vhd 2019/03/21.17:07:53 J.36
FL "C:/Users/Usuario/Desktop/PROJETO 1 DIG 3/CPU_Xilinx_tst_genesys/ALU_1.vhd" 2019/03/21.17:07:54 J.36
EN work/ALU_1 1587074951 \
      FL "C:/Users/Usuario/Desktop/PROJETO 1 DIG 3/CPU_Xilinx_tst_genesys/ALU_1.vhd" \
      PB ieee/std_logic_1164 1131108373 PH ieee/NUMERIC_STD 1131108384
AR work/ALU_1/Behavioral 1587074952 \
      FL "C:/Users/Usuario/Desktop/PROJETO 1 DIG 3/CPU_Xilinx_tst_genesys/ALU_1.vhd" \
      EN work/ALU_1 1587074951
FL "C:/Users/Usuario/Desktop/PROJETO 1 DIG 3/CPU_Xilinx_tst_genesys/controle.vhd" 2019/03/21.17:07:54 J.36
EN work/controle 1587074947 \
      FL "C:/Users/Usuario/Desktop/PROJETO 1 DIG 3/CPU_Xilinx_tst_genesys/controle.vhd" \
      PB ieee/std_logic_1164 1131108373 PB ieee/std_logic_arith 1131108375 \
      PB ieee/STD_LOGIC_UNSIGNED 1131108379
AR work/controle/fsm 1587074948 \
      FL "C:/Users/Usuario/Desktop/PROJETO 1 DIG 3/CPU_Xilinx_tst_genesys/controle.vhd" \
      EN work/controle 1587074947
FL "C:/Users/Usuario/Desktop/PROJETO 1 DIG 3/CPU_Xilinx_tst_genesys/cpu.vhd" 2019/03/21.17:07:54 J.36
EN work/cpu 1587074955 \
      FL "C:/Users/Usuario/Desktop/PROJETO 1 DIG 3/CPU_Xilinx_tst_genesys/cpu.vhd" \
      PB ieee/std_logic_1164 1131108373
AR work/cpu/bdf_type 1587074956 \
      FL "C:/Users/Usuario/Desktop/PROJETO 1 DIG 3/CPU_Xilinx_tst_genesys/cpu.vhd" \
      EN work/cpu 1587074955 CP ram CP es CP mux_cpu CP pcounter CP regs CP controle \
      CP prom CP alu_1 CP debounce
FL "C:/Users/Usuario/Desktop/PROJETO 1 DIG 3/CPU_Xilinx_tst_genesys/debounce.vhd" 2019/08/29.14:28:24 J.36
EN work/debounce 1587074953 \
      FL "C:/Users/Usuario/Desktop/PROJETO 1 DIG 3/CPU_Xilinx_tst_genesys/debounce.vhd" \
      PB ieee/std_logic_1164 1131108373
AR work/debounce/a 1587074954 \
      FL "C:/Users/Usuario/Desktop/PROJETO 1 DIG 3/CPU_Xilinx_tst_genesys/debounce.vhd" \
      EN work/debounce 1587074953
FL "C:/Users/Usuario/Desktop/PROJETO 1 DIG 3/CPU_Xilinx_tst_genesys/ES.vhd" 2019/03/21.17:07:54 J.36
EN work/ES 1587074939 \
      FL "C:/Users/Usuario/Desktop/PROJETO 1 DIG 3/CPU_Xilinx_tst_genesys/ES.vhd" \
      PB ieee/std_logic_1164 1131108373
AR work/ES/behv 1587074940 \
      FL "C:/Users/Usuario/Desktop/PROJETO 1 DIG 3/CPU_Xilinx_tst_genesys/ES.vhd" \
      EN work/ES 1587074939
FL "C:/Users/Usuario/Desktop/PROJETO 1 DIG 3/CPU_Xilinx_tst_genesys/mux_cpu.vhd" 2019/03/21.17:07:54 J.36
EN work/mux_cpu 1587074941 \
      FL "C:/Users/Usuario/Desktop/PROJETO 1 DIG 3/CPU_Xilinx_tst_genesys/mux_cpu.vhd" \
      PB ieee/std_logic_1164 1131108373
AR work/mux_cpu/behv 1587074942 \
      FL "C:/Users/Usuario/Desktop/PROJETO 1 DIG 3/CPU_Xilinx_tst_genesys/mux_cpu.vhd" \
      EN work/mux_cpu 1587074941
FL "C:/Users/Usuario/Desktop/PROJETO 1 DIG 3/CPU_Xilinx_tst_genesys/Pcounter.vhd" 2019/03/21.17:07:54 J.36
EN work/PCounter 1587074943 \
      FL "C:/Users/Usuario/Desktop/PROJETO 1 DIG 3/CPU_Xilinx_tst_genesys/Pcounter.vhd" \
      PB ieee/std_logic_1164 1131108373 PB ieee/std_logic_arith 1131108375 \
      PB ieee/STD_LOGIC_UNSIGNED 1131108379
AR work/PCounter/behv 1587074944 \
      FL "C:/Users/Usuario/Desktop/PROJETO 1 DIG 3/CPU_Xilinx_tst_genesys/Pcounter.vhd" \
      EN work/PCounter 1587074943
FL "C:/Users/Usuario/Desktop/PROJETO 1 DIG 3/CPU_Xilinx_tst_genesys/prom.vhd" 2020/04/02.18:38:19 J.36
EN work/prom 1587074949 \
      FL "C:/Users/Usuario/Desktop/PROJETO 1 DIG 3/CPU_Xilinx_tst_genesys/prom.vhd" \
      PB ieee/std_logic_1164 1131108373 PB ieee/std_logic_arith 1131108375 \
      PB ieee/STD_LOGIC_UNSIGNED 1131108379
AR work/prom/behv 1587074950 \
      FL "C:/Users/Usuario/Desktop/PROJETO 1 DIG 3/CPU_Xilinx_tst_genesys/prom.vhd" \
      EN work/prom 1587074949
FL "C:/Users/Usuario/Desktop/PROJETO 1 DIG 3/CPU_Xilinx_tst_genesys/ram.vhd" 2019/03/21.17:07:54 J.36
EN work/RAM 1587074937 \
      FL "C:/Users/Usuario/Desktop/PROJETO 1 DIG 3/CPU_Xilinx_tst_genesys/ram.vhd" \
      PB ieee/std_logic_1164 1131108373 PB ieee/std_logic_arith 1131108375 \
      PB ieee/STD_LOGIC_UNSIGNED 1131108379
AR work/RAM/behavioral 1587074938 \
      FL "C:/Users/Usuario/Desktop/PROJETO 1 DIG 3/CPU_Xilinx_tst_genesys/ram.vhd" \
      EN work/RAM 1587074937
FL "C:/Users/Usuario/Desktop/PROJETO 1 DIG 3/CPU_Xilinx_tst_genesys/regs.vhd" 2019/03/21.17:07:54 J.36
EN work/regs 1587074945 \
      FL "C:/Users/Usuario/Desktop/PROJETO 1 DIG 3/CPU_Xilinx_tst_genesys/regs.vhd" \
      PB ieee/std_logic_1164 1131108373 PB ieee/std_logic_arith 1131108375 \
      PB ieee/STD_LOGIC_UNSIGNED 1131108379
AR work/regs/behv 1587074946 \
      FL "C:/Users/Usuario/Desktop/PROJETO 1 DIG 3/CPU_Xilinx_tst_genesys/regs.vhd" \
      EN work/regs 1587074945
FL E:/Benko/FEI/SDIII/Projeto1/CPU_Xilinx_tst_genesys/cpu.vhd 2011/08/30.16:03:12 J.36
